     VMA      LMA     Size Align Out     In      Symbol
       0        0 80200000     1 . = 0x80200000
80200000        0        0     1 __kernel_base = .
80200000 80200000      a2c     4 .text
80200000 80200000        e     2         /var/folders/4t/1b6lb75x0rzfc7h08tphp4lm0000gn/T/kernel-706e6a.o:(.text.boot)
80200000 80200000        0     1                 .L0 
80200000 80200000        0     1                 .L0 
80200000 80200000        0     1                 $x
80200000 80200000        0     1                 .L0 
80200000 80200000        e     1                 boot
8020000e 8020000e        0     1                 .L0 
8020000e 8020000e        0     1                 .L0 
80200010 80200010      7fe     4         /var/folders/4t/1b6lb75x0rzfc7h08tphp4lm0000gn/T/kernel-706e6a.o:(.text)
80200010 80200010        0     1                 .L0 
80200010 80200010        0     1                 .L0 
80200010 80200010        0     1                 $x
80200010 80200010        0     1                 .L0 
80200010 80200010       14     1                 user_entry
80200024 80200024        0     1                 .L0 
80200024 80200024        0     1                 .L0 
80200024 80200024        0     1                 .L0 
80200024 80200024       96     1                 kernel_entry
802000ba 802000ba        0     1                 .L0 
802000ba 802000ba        0     1                 .L0 
802000ba 802000ba        0     1                 .L0 
802000ba 802000ba        0     1                 .L0 
802000ba 802000ba        0     1                 .L0 
802000ba 802000ba      196     1                 yield
802000c8 802000c8        0     1                 .L0 
802000c8 802000c8        0     1                 .L0 
802000d6 802000d6        0     1                 .L0 
802000ea 802000ea        0     1                 .L0 
802000ea 802000ea        0     1                 .L0 
802000ec 802000ec        0     1                 .L0 
802000f0 802000f0        0     1                 .L0 
802000f2 802000f2        0     1                 .L0 
802000f2 802000f2        0     1                 .L0 
802000f6 802000f6        0     1                 .L0 
802000f8 802000f8        0     1                 .L0 
802000fc 802000fc        0     1                 .L0 
802000fc 802000fc        0     1                 .L0 
802000fc 802000fc        0     1                 .L0 
80200104 80200104        0     1                 .L0 
80200118 80200118        0     1                 .L0 
8020011a 8020011a        0     1                 .L0 
8020011e 8020011e        0     1                 .L0 
80200120 80200120        0     1                 .L0 
80200124 80200124        0     1                 .L0 
80200124 80200124        0     1                 .L0 
80200124 80200124        0     1                 .L0 
80200144 80200144        0     1                 .L0 
80200148 80200148        0     1                 .L0 
8020014a 8020014a        0     1                 .L0 
8020014e 8020014e        0     1                 .L0 
8020014e 8020014e        0     1                 .L0 
8020014e 8020014e        0     1                 .L0 
80200156 80200156        0     1                 .L0 
8020016a 8020016a        0     1                 .L0 
8020016c 8020016c        0     1                 .L0 
80200170 80200170        0     1                 .L0 
80200172 80200172        0     1                 .L0 
80200176 80200176        0     1                 .L0 
80200176 80200176        0     1                 .L0 
80200176 80200176        0     1                 .L0 
80200196 80200196        0     1                 .L0 
8020019a 8020019a        0     1                 .L0 
8020019c 8020019c        0     1                 .L0 
802001a0 802001a0        0     1                 .L0 
802001a0 802001a0        0     1                 .L0 
802001a0 802001a0        0     1                 .L0 
802001a8 802001a8        0     1                 .L0 
802001bc 802001bc        0     1                 .L0 
802001be 802001be        0     1                 .L0 
802001c2 802001c2        0     1                 .L0 
802001c4 802001c4        0     1                 .L0 
802001c8 802001c8        0     1                 .L0 
802001c8 802001c8        0     1                 .L0 
802001c8 802001c8        0     1                 .L0 
802001e8 802001e8        0     1                 .L0 
802001ec 802001ec        0     1                 .L0 
802001ee 802001ee        0     1                 .L0 
802001f2 802001f2        0     1                 .L0 
802001f2 802001f2        0     1                 .L0 
802001f2 802001f2        0     1                 .L0 
8020020e 8020020e        0     1                 .L0 
80200212 80200212        0     1                 .L0 
80200214 80200214        0     1                 .L0 
80200218 80200218        0     1                 .L0 
80200218 80200218        0     1                 .L0 
80200218 80200218        0     1                 .L0 
8020021a 8020021a        0     1                 .L0 
8020021a 8020021a        0     1                 .L0 
8020021a 8020021a        0     1                 .L0 
8020021e 8020021e        0     1                 .L0 
80200242 80200242        0     1                 .L0 
80200244 80200244        0     1                 .L0 
8020024c 8020024c        0     1                 .L0 
8020024c 8020024c        0     1                 .L0 
8020024e 8020024e        0     1                 .L0 
8020024e 8020024e        0     1                 .L0 
80200250 80200250        0     1                 .L0 
80200250 80200250        0     1                 .L0 
80200250 80200250        0     1                 .L0 
80200250 80200250        0     1                 .L0 
80200250 80200250       46     1                 switch_context
80200296 80200296        0     1                 .L0 
80200296 80200296        0     1                 .L0 
80200296 80200296       f2     1                 handle_syscall
8020029c 8020029c        0     1                 .L0 
802002ba 802002ba        0     1                 .L0 
802002be 802002be        0     1                 .L0 
802002c0 802002c0        0     1                 .L0 
802002c4 802002c4        0     1                 .L0 
802002c6 802002c6        0     1                 .L0 
802002ca 802002ca        0     1                 .L0 
802002ca 802002ca        0     1                 .L0 
802002cc 802002cc        0     1                 .L0 
802002e0 802002e0        0     1                 .L0 
802002e0 802002e0        0     1                 .L0 
802002e4 802002e4        0     1                 .L0 
802002e4 802002e4        0     1                 .L0 
802002e4 802002e4        0     1                 .L0 
802002e6 802002e6        0     1                 .L0 
802002e6 802002e6        0     1                 .L0 
802002fa 802002fa        0     1                 .L0 
802002fa 802002fa        0     1                 .L0 
802002fe 802002fe        0     1                 .L0 
802002fe 802002fe        0     1                 .L0 
802002fe 802002fe        0     1                 .L0 
8020031a 8020031a        0     1                 .L0 
8020031a 8020031a        0     1                 .L0 
8020031c 8020031c        0     1                 .L0 
8020031c 8020031c        0     1                 .L0 
8020031c 8020031c        0     1                 .L0 
80200324 80200324        0     1                 .L0 
80200324 80200324        0     1                 .L0 
80200326 80200326        0     1                 .L0 
80200330 80200330        0     1                 .L0 
80200330 80200330        0     1                 .L0 
80200336 80200336        0     1                 .L0 
80200338 80200338        0     1                 .L0 
8020033a 8020033a        0     1                 .L0 
8020033a 8020033a        0     1                 .L0 
80200350 80200350        0     1                 .L0 
80200352 80200352        0     1                 .L0 
80200352 80200352        0     1                 .L0 
80200352 80200352        0     1                 .L0 
80200356 80200356        0     1                 .L0 
80200368 80200368        0     1                 .L0 
80200368 80200368        0     1                 .L0 
8020036c 8020036c        0     1                 .L0 
80200370 80200370        0     1                 .L0 
80200370 80200370        0     1                 .L0 
80200370 80200370        0     1                 .L0 
80200374 80200374        0     1                 .L0 
80200386 80200386        0     1                 .L0 
80200388 80200388        0     1                 .L0 
80200388 80200388        0     1                 .L0 
80200388 80200388        0     1                 .L0 
80200388 80200388        0     1                 .L0 
80200388 80200388        0     1                 .L0 
80200388 80200388       14     1                 putchar
8020039a 8020039a        0     1                 .L0 
8020039c 8020039c        0     1                 .L0 
8020039c 8020039c        0     1                 .L0 
8020039c 8020039c        0     1                 .L0 
8020039c 8020039c        6     1                 sbi_call
802003a0 802003a0        0     1                 .L0 
802003a2 802003a2        0     1                 .L0 
802003a2 802003a2        0     1                 .L0 
802003a2 802003a2        0     1                 .L0 
802003a2 802003a2       42     1                 handle_trap
802003a8 802003a8        0     1                 .L0 
802003a8 802003a8        0     1                 .L0 
802003ac 802003ac        0     1                 .L0 
802003b0 802003b0        0     1                 .L0 
802003b2 802003b2        0     1                 .L0 
802003b6 802003b6        0     1                 .L0 
802003b6 802003b6        0     1                 .L0 
802003ba 802003ba        0     1                 .L0 
802003ba 802003ba        0     1                 .L0 
802003bc 802003bc        0     1                 .L0 
802003bc 802003bc        0     1                 .L0 
802003be 802003be        0     1                 .L0 
802003c6 802003c6        0     1                 .L0 
802003c6 802003c6        0     1                 .L0 
802003ca 802003ca        0     1                 .L0 
802003ca 802003ca        0     1                 .L0 
802003ca 802003ca        0     1                 .L0 
802003ce 802003ce        0     1                 .L0 
802003e2 802003e2        0     1                 .L0 
802003e4 802003e4        0     1                 .L0 
802003e4 802003e4        0     1                 .L0 
802003e4 802003e4        0     1                 .L0 
802003e4 802003e4        0     1                 .L0 
802003e4 802003e4        0     1                 .L0 
802003e4 802003e4       4e     1                 alloc_pages
802003ea 802003ea        0     1                 .L0 
802003ea 802003ea        0     1                 .L0 
802003f2 802003f2        0     1                 .L0 
802003f2 802003f2        0     1                 .L0 
802003fa 802003fa        0     1                 .L0 
802003fa 802003fa        0     1                 .L0 
80200402 80200402        0     1                 .L0 
80200406 80200406        0     1                 .L0 
8020040a 8020040a        0     1                 .L0 
80200420 80200420        0     1                 .L0 
80200422 80200422        0     1                 .L0 
80200422 80200422        0     1                 .L0 
80200428 80200428        0     1                 .L0 
80200428 80200428        0     1                 .L0 
8020042e 8020042e        0     1                 .L0 
8020042e 8020042e        0     1                 .L0 
80200432 80200432        0     1                 .L0 
80200432 80200432        0     1                 .L0 
80200432 80200432        0     1                 .L0 
80200432 80200432        0     1                 .L0 
80200432 80200432      23c     1                 create_process
8020044e 8020044e        0     1                 .L0 
80200450 80200450        0     1                 .L0 
80200450 80200450        0     1                 .L0 
8020045c 8020045c        0     1                 .L0 
8020045c 8020045c        0     1                 .L0 
8020045e 8020045e        0     1                 .L0 
8020045e 8020045e        0     1                 .L0 
8020046e 8020046e        0     1                 .L0 
80200470 80200470        0     1                 .L0 
80200470 80200470        0     1                 .L0 
80200478 80200478        0     1                 .L0 
8020047a 8020047a        0     1                 .L0 
8020047a 8020047a        0     1                 .L0 
80200482 80200482        0     1                 .L0 
80200484 80200484        0     1                 .L0 
80200484 80200484        0     1                 .L0 
8020048c 8020048c        0     1                 .L0 
8020048e 8020048e        0     1                 .L0 
8020048e 8020048e        0     1                 .L0 
80200496 80200496        0     1                 .L0 
80200498 80200498        0     1                 .L0 
80200498 80200498        0     1                 .L0 
802004a0 802004a0        0     1                 .L0 
802004a2 802004a2        0     1                 .L0 
802004a2 802004a2        0     1                 .L0 
802004aa 802004aa        0     1                 .L0 
802004ac 802004ac        0     1                 .L0 
802004ac 802004ac        0     1                 .L0 
802004c2 802004c2        0     1                 .L0 
802004c4 802004c4        0     1                 .L0 
802004c4 802004c4        0     1                 .L0 
802004c4 802004c4        0     1                 .L0 
802004c8 802004c8        0     1                 .L0 
802004c8 802004c8        0     1                 .L0 
802004d0 802004d0        0     1                 .L0 
802004d2 802004d2        0     1                 .L0 
802004d2 802004d2        0     1                 .L0 
802004d2 802004d2        0     1                 .L0 
802004dc 802004dc        0     1                 .L0 
802004de 802004de        0     1                 .L0 
802004de 802004de        0     1                 .L0 
802004de 802004de        0     1                 .L0 
802004e8 802004e8        0     1                 .L0 
802004ea 802004ea        0     1                 .L0 
802004ea 802004ea        0     1                 .L0 
802004ea 802004ea        0     1                 .L0 
802004f4 802004f4        0     1                 .L0 
802004f6 802004f6        0     1                 .L0 
802004f6 802004f6        0     1                 .L0 
802004f6 802004f6        0     1                 .L0 
80200500 80200500        0     1                 .L0 
80200502 80200502        0     1                 .L0 
80200502 80200502        0     1                 .L0 
80200502 80200502        0     1                 .L0 
8020050c 8020050c        0     1                 .L0 
8020050e 8020050e        0     1                 .L0 
8020050e 8020050e        0     1                 .L0 
8020050e 8020050e        0     1                 .L0 
80200518 80200518        0     1                 .L0 
80200518 80200518        0     1                 .L0 
80200518 80200518        0     1                 .L0 
80200520 80200520        0     1                 .L0 
80200520 80200520        0     1                 .L0 
80200522 80200522        0     1                 .L0 
80200522 80200522        0     1                 .L0 
8020052c 8020052c        0     1                 .L0 
8020052c 8020052c        0     1                 .L0 
80200532 80200532        0     1                 .L0 
8020053e 8020053e        0     1                 .L0 
8020053e 8020053e        0     1                 .L0 
80200540 80200540        0     1                 .L0 
80200544 80200544        0     1                 .L0 
80200548 80200548        0     1                 .L0 
8020054c 8020054c        0     1                 .L0 
80200550 80200550        0     1                 .L0 
80200554 80200554        0     1                 .L0 
80200558 80200558        0     1                 .L0 
8020055c 8020055c        0     1                 .L0 
80200560 80200560        0     1                 .L0 
80200564 80200564        0     1                 .L0 
8020056c 8020056c        0     1                 .L0 
80200570 80200570        0     1                 .L0 
80200574 80200574        0     1                 .L0 
80200574 80200574        0     1                 .L0 
80200578 80200578        0     1                 .L0 
80200578 80200578        0     1                 .L0 
8020058e 8020058e        0     1                 .L0 
80200590 80200590        0     1                 .L0 
80200590 80200590        0     1                 .L0 
80200590 80200590        0     1                 .L0 
80200594 80200594        0     1                 .L0 
80200594 80200594        0     1                 .L0 
8020059e 8020059e        0     1                 .L0 
8020059e 8020059e        0     1                 .L0 
802005a6 802005a6        0     1                 .L0 
802005a6 802005a6        0     1                 .L0 
802005aa 802005aa        0     1                 .L0 
802005aa 802005aa        0     1                 .L0 
802005aa 802005aa        0     1                 .L0 
802005b4 802005b4        0     1                 .L0 
802005b4 802005b4        0     1                 .L0 
802005b6 802005b6        0     1                 .L0 
802005ba 802005ba        0     1                 .L0 
802005ba 802005ba        0     1                 .L0 
802005ba 802005ba        0     1                 .L0 
802005c8 802005c8        0     1                 .L0 
802005c8 802005c8        0     1                 .L0 
802005cc 802005cc        0     1                 .L0 
802005dc 802005dc        0     1                 .L0 
802005dc 802005dc        0     1                 .L0 
802005dc 802005dc        0     1                 .L0 
802005e2 802005e2        0     1                 .L0 
802005e2 802005e2        0     1                 .L0 
802005e2 802005e2        0     1                 .L0 
802005e6 802005e6        0     1                 .L0 
802005ee 802005ee        0     1                 .L0 
802005ee 802005ee        0     1                 .L0 
802005f4 802005f4        0     1                 .L0 
802005fa 802005fa        0     1                 .L0 
802005fa 802005fa        0     1                 .L0 
802005fe 802005fe        0     1                 .L0 
802005fe 802005fe        0     1                 .L0 
802005fe 802005fe        0     1                 .L0 
80200602 80200602        0     1                 .L0 
80200602 80200602        0     1                 .L0 
8020060a 8020060a        0     1                 .L0 
8020060e 8020060e        0     1                 .L0 
80200616 80200616        0     1                 .L0 
80200616 80200616        0     1                 .L0 
8020061a 8020061a        0     1                 .L0 
8020061a 8020061a        0     1                 .L0 
8020061e 8020061e        0     1                 .L0 
8020061e 8020061e        0     1                 .L0 
80200622 80200622        0     1                 .L0 
80200622 80200622        0     1                 .L0 
80200626 80200626        0     1                 .L0 
8020062c 8020062c        0     1                 .L0 
80200640 80200640        0     1                 .L0 
80200644 80200644        0     1                 .L0 
80200648 80200648        0     1                 .L0 
8020064c 8020064c        0     1                 .L0 
80200652 80200652        0     1                 .L0 
80200656 80200656        0     1                 .L0 
80200656 80200656        0     1                 .L0 
80200656 80200656        0     1                 .L0 
8020066c 8020066c        0     1                 .L0 
8020066e 8020066e        0     1                 .L0 
8020066e 8020066e        0     1                 .L0 
8020066e 8020066e        0     1                 .L0 
8020066e 8020066e        0     1                 .L0 
8020066e 8020066e        0     1                 .L0 
8020066e 8020066e        0     1                 .L0 
8020066e 8020066e       d8     1                 map_page
8020067c 8020067c        0     1                 .L0 
8020067e 8020067e        0     1                 .L0 
8020067e 8020067e        0     1                 .L0 
80200682 80200682        0     1                 .L0 
80200686 80200686        0     1                 .L0 
80200696 80200696        0     1                 .L0 
80200698 80200698        0     1                 .L0 
8020069a 8020069a        0     1                 .L0 
8020069c 8020069c        0     1                 .L0 
8020069c 8020069c        0     1                 .L0 
8020069c 8020069c        0     1                 .L0 
802006a2 802006a2        0     1                 .L0 
802006a4 802006a4        0     1                 .L0 
802006a8 802006a8        0     1                 .L0 
802006b6 802006b6        0     1                 .L0 
802006ba 802006ba        0     1                 .L0 
802006bc 802006bc        0     1                 .L0 
802006be 802006be        0     1                 .L0 
802006be 802006be        0     1                 .L0 
802006be 802006be        0     1                 .L0 
802006ca 802006ca        0     1                 .L0 
802006ca 802006ca        0     1                 .L0 
802006d0 802006d0        0     1                 .L0 
802006d0 802006d0        0     1                 .L0 
802006d8 802006d8        0     1                 .L0 
802006d8 802006d8        0     1                 .L0 
802006dc 802006dc        0     1                 .L0 
802006e4 802006e4        0     1                 .L0 
802006e8 802006e8        0     1                 .L0 
802006ec 802006ec        0     1                 .L0 
80200700 80200700        0     1                 .L0 
80200702 80200702        0     1                 .L0 
80200704 80200704        0     1                 .L0 
80200704 80200704        0     1                 .L0 
80200704 80200704        0     1                 .L0 
80200706 80200706        0     1                 .L0 
80200706 80200706        0     1                 .L0 
8020070e 8020070e        0     1                 .L0 
80200710 80200710        0     1                 .L0 
80200710 80200710        0     1                 .L0 
80200714 80200714        0     1                 .L0 
8020071e 8020071e        0     1                 .L0 
8020071e 8020071e        0     1                 .L0 
80200724 80200724        0     1                 .L0 
8020072a 8020072a        0     1                 .L0 
80200734 80200734        0     1                 .L0 
80200742 80200742        0     1                 .L0 
80200746 80200746        0     1                 .L0 
80200746 80200746        0     1                 .L0 
80200746 80200746        0     1                 .L0 
80200746 80200746        0     1                 .L0 
80200746 80200746       10     1                 delay
8020074e 8020074e        0     1                 .L0 
80200750 80200750        0     1                 .L0 
80200752 80200752        0     1                 .L0 
80200752 80200752        0     1                 .L0 
80200754 80200754        0     1                 .L0 
80200754 80200754        0     1                 .L0 
80200756 80200756        0     1                 .L0 
80200756 80200756        0     1                 .L0 
80200756 80200756        0     1                 .L0 
80200756 80200756        0     1                 .L0 
80200756 80200756       28     1                 proc_a_entry
8020075a 8020075a        0     1                 .L0 
80200764 80200764        0     1                 .L0 
80200764 80200764        0     1                 .L0 
80200764 80200764        0     1                 .L0 
8020077a 8020077a        0     1                 .L0 
8020077a 8020077a        0     1                 .L0 
8020077c 8020077c        0     1                 .L0 
8020077c 8020077c        0     1                 .L0 
8020077e 8020077e        0     1                 .L0 
8020077e 8020077e        0     1                 .L0 
8020077e 8020077e        0     1                 .L0 
8020077e 8020077e        0     1                 .L0 
8020077e 8020077e        0     1                 .L0 
8020077e 8020077e       28     1                 proc_b_entry
80200782 80200782        0     1                 .L0 
8020078c 8020078c        0     1                 .L0 
8020078c 8020078c        0     1                 .L0 
8020078c 8020078c        0     1                 .L0 
802007a2 802007a2        0     1                 .L0 
802007a2 802007a2        0     1                 .L0 
802007a4 802007a4        0     1                 .L0 
802007a4 802007a4        0     1                 .L0 
802007a6 802007a6        0     1                 .L0 
802007a6 802007a6        0     1                 .L0 
802007a6 802007a6        0     1                 .L0 
802007a6 802007a6        0     1                 .L0 
802007a6 802007a6        0     1                 .L0 
802007a6 802007a6       68     1                 kernel_main
802007aa 802007aa        0     1                 .L0 
802007c0 802007c0        0     1                 .L0 
802007c0 802007c0        0     1                 .L0 
802007c8 802007c8        0     1                 .L0 
802007cc 802007cc        0     1                 .L0 
802007cc 802007cc        0     1                 .L0 
802007ce 802007ce        0     1                 .L0 
802007d2 802007d2        0     1                 .L0 
802007d2 802007d2        0     1                 .L0 
802007da 802007da        0     1                 .L0 
802007e2 802007e2        0     1                 .L0 
802007f4 802007f4        0     1                 .L0 
802007f4 802007f4        0     1                 .L0 
802007f6 802007f6        0     1                 .L0 
802007f6 802007f6        0     1                 .L0 
8020080c 8020080c        0     1                 .L0 
8020080e 8020080e        0     1                 .L0 
8020080e 8020080e        0     1                 .L0 
8020080e 8020080e      21e     2         /var/folders/4t/1b6lb75x0rzfc7h08tphp4lm0000gn/T/common-1ff89d.o:(.text)
8020080e 8020080e        0     1                 .L0 
8020080e 8020080e        0     1                 .L0 
8020080e 8020080e        0     1                 $x
8020080e 8020080e        0     1                 .L0 
8020080e 8020080e      1a8     1                 printf
8020082a 8020082a        0     1                 .L0 
80200854 80200854        0     1                 .L0 
80200864 80200864        0     1                 .L0 
80200864 80200864        0     1                 .L0 
80200868 80200868        0     1                 .L0 
80200868 80200868        0     1                 .L0 
8020086a 8020086a        0     1                 .L0 
8020086e 8020086e        0     1                 .L0 
80200872 80200872        0     1                 .L0 
80200876 80200876        0     1                 .L0 
80200876 80200876        0     1                 .L0 
80200878 80200878        0     1                 .L0 
80200878 80200878        0     1                 .L0 
8020087a 8020087a        0     1                 .L0 
8020087c 8020087c        0     1                 .L0 
8020087c 8020087c        0     1                 .L0 
80200882 80200882        0     1                 .L0 
80200886 80200886        0     1                 .L0 
8020088a 8020088a        0     1                 .L0 
80200892 80200892        0     1                 .L0 
80200892 80200892        0     1                 .L0 
8020089e 8020089e        0     1                 .L0 
8020089e 8020089e        0     1                 .L0 
802008a2 802008a2        0     1                 .L0 
802008a2 802008a2        0     1                 .L0 
802008a4 802008a4        0     1                 .L0 
802008aa 802008aa        0     1                 .L0 
802008aa 802008aa        0     1                 .L0 
802008aa 802008aa        0     1                 .L0 
802008ae 802008ae        0     1                 .L0 
802008b2 802008b2        0     1                 .L0 
802008b2 802008b2        0     1                 .L0 
802008bc 802008bc        0     1                 .L0 
802008c0 802008c0        0     1                 .L0 
802008c2 802008c2        0     1                 .L0 
802008c6 802008c6        0     1                 .L0 
802008c8 802008c8        0     1                 .L0 
802008c8 802008c8        0     1                 .L0 
802008ce 802008ce        0     1                 .L0 
802008d0 802008d0        0     1                 .L0 
802008d4 802008d4        0     1                 .L0 
802008d6 802008d6        0     1                 .L0 
802008d6 802008d6        0     1                 .L0 
802008dc 802008dc        0     1                 .L0 
802008de 802008de        0     1                 .L0 
802008e2 802008e2        0     1                 .L0 
802008e4 802008e4        0     1                 .L0 
802008e4 802008e4        0     1                 .L0 
802008ea 802008ea        0     1                 .L0 
802008ec 802008ec        0     1                 .L0 
802008f0 802008f0        0     1                 .L0 
802008f2 802008f2        0     1                 .L0 
802008f2 802008f2        0     1                 .L0 
802008f8 802008f8        0     1                 .L0 
802008fa 802008fa        0     1                 .L0 
802008fe 802008fe        0     1                 .L0 
80200900 80200900        0     1                 .L0 
80200900 80200900        0     1                 .L0 
80200906 80200906        0     1                 .L0 
80200908 80200908        0     1                 .L0 
8020090c 8020090c        0     1                 .L0 
8020090e 8020090e        0     1                 .L0 
8020090e 8020090e        0     1                 .L0 
80200914 80200914        0     1                 .L0 
80200916 80200916        0     1                 .L0 
8020091a 8020091a        0     1                 .L0 
8020091c 8020091c        0     1                 .L0 
8020091c 8020091c        0     1                 .L0 
8020091e 8020091e        0     1                 .L0 
80200920 80200920        0     1                 .L0 
80200924 80200924        0     1                 .L0 
80200924 80200924        0     1                 .L0 
80200926 80200926        0     1                 .L0 
80200926 80200926        0     1                 .L0 
80200928 80200928        0     1                 .L0 
8020092a 8020092a        0     1                 .L0 
8020092a 8020092a        0     1                 .L0 
8020092a 8020092a        0     1                 .L0 
80200934 80200934        0     1                 .L0 
80200938 80200938        0     1                 .L0 
8020093e 8020093e        0     1                 .L0 
8020093e 8020093e        0     1                 .L0 
8020093e 8020093e        0     1                 .L0 
80200944 80200944        0     1                 .L0 
80200944 80200944        0     1                 .L0 
80200948 80200948        0     1                 .L0 
8020094a 8020094a        0     1                 .L0 
8020094e 8020094e        0     1                 .L0 
8020094e 8020094e        0     1                 .L0 
8020094e 8020094e        0     1                 .L0 
80200954 80200954        0     1                 .L0 
80200954 80200954        0     1                 .L0 
80200958 80200958        0     1                 .L0 
8020095a 8020095a        0     1                 .L0 
8020095e 8020095e        0     1                 .L0 
8020095e 8020095e        0     1                 .L0 
8020095e 8020095e        0     1                 .L0 
80200964 80200964        0     1                 .L0 
80200966 80200966        0     1                 .L0 
8020096a 8020096a        0     1                 .L0 
8020096e 8020096e        0     1                 .L0 
8020096e 8020096e        0     1                 .L0 
8020096e 8020096e        0     1                 .L0 
80200970 80200970        0     1                 .L0 
80200978 80200978        0     1                 .L0 
8020097e 8020097e        0     1                 .L0 
8020097e 8020097e        0     1                 .L0 
8020098c 8020098c        0     1                 .L0 
8020098c 8020098c        0     1                 .L0 
80200992 80200992        0     1                 .L0 
80200992 80200992        0     1                 .L0 
80200992 80200992        0     1                 .L0 
80200998 80200998        0     1                 .L0 
80200998 80200998        0     1                 .L0 
80200998 80200998        0     1                 .L0 
8020099c 8020099c        0     1                 .L0 
802009b2 802009b2        0     1                 .L0 
802009b6 802009b6        0     1                 .L0 
802009b6 802009b6        0     1                 .L0 
802009b6 802009b6        0     1                 .L0 
802009b6 802009b6        0     1                 .L0 
802009b6 802009b6        0     1                 .L0 
802009b6 802009b6       1c     1                 memcpy
802009ba 802009ba        0     1                 .L0 
802009ba 802009ba        0     1                 .L0 
802009bc 802009bc        0     1                 .L0 
802009c2 802009c2        0     1                 .L0 
802009c6 802009c6        0     1                 .L0 
802009cc 802009cc        0     1                 .L0 
802009cc 802009cc        0     1                 .L0 
802009d0 802009d0        0     1                 .L0 
802009d0 802009d0        0     1                 .L0 
802009d0 802009d0        0     1                 .L0 
802009d2 802009d2        0     1                 .L0 
802009d2 802009d2        0     1                 .L0 
802009d2 802009d2        0     1                 .L0 
802009d2 802009d2        0     1                 .L0 
802009d2 802009d2        0     1                 .L0 
802009d2 802009d2       16     1                 memset
802009d6 802009d6        0     1                 .L0 
802009d6 802009d6        0     1                 .L0 
802009d8 802009d8        0     1                 .L0 
802009dc 802009dc        0     1                 .L0 
802009e2 802009e2        0     1                 .L0 
802009e2 802009e2        0     1                 .L0 
802009e6 802009e6        0     1                 .L0 
802009e6 802009e6        0     1                 .L0 
802009e6 802009e6        0     1                 .L0 
802009e8 802009e8        0     1                 .L0 
802009e8 802009e8        0     1                 .L0 
802009e8 802009e8        0     1                 .L0 
802009e8 802009e8        0     1                 .L0 
802009e8 802009e8       20     1                 strcpy
802009ee 802009ee        0     1                 .L0 
802009f2 802009f2        0     1                 .L0 
802009f2 802009f2        0     1                 .L0 
802009f4 802009f4        0     1                 .L0 
802009fe 802009fe        0     1                 .L0 
80200a00 80200a00        0     1                 .L0 
80200a02 80200a02        0     1                 .L0 
80200a02 80200a02        0     1                 .L0 
80200a02 80200a02        0     1                 .L0 
80200a08 80200a08        0     1                 .L0 
80200a08 80200a08        0     1                 .L0 
80200a08 80200a08        0     1                 .L0 
80200a08 80200a08        0     1                 .L0 
80200a08 80200a08       24     1                 strcmp
80200a0c 80200a0c        0     1                 .L0 
80200a0e 80200a0e        0     1                 .L0 
80200a10 80200a10        0     1                 .L0 
80200a10 80200a10        0     1                 .L0 
80200a14 80200a14        0     1                 .L0 
80200a18 80200a18        0     1                 .L0 
80200a18 80200a18        0     1                 .L0 
80200a1e 80200a1e        0     1                 .L0 
80200a20 80200a20        0     1                 .L0 
80200a22 80200a22        0     1                 .L0 
80200a22 80200a22        0     1                 .L0 
80200a2c 80200a2c        0     1                 .L0 
80200a2c 80200a2c        0     1                 .L0 
80200a2c 80200a2c      184     4 .rodata
80200a2c 80200a2c      184     1         <internal>:(.rodata.str1.1)
80200bb0 80200bb0    10364     4 .data
80200bb0 80200bb0        4     4         /var/folders/4t/1b6lb75x0rzfc7h08tphp4lm0000gn/T/kernel-706e6a.o:(.data)
80200bb0 80200bb0        4     1                 alloc_pages.next_paddr
80200bb0 80200bb0        0     1                 $d
80200bb4 80200bb4    10360     1         shell.bin.o:(.data)
80200bb4 80200bb4        0     1                 _binary_shell_bin_start
80210f14 80210f14        0     1                 _binary_shell_bin_end
80210f14 80210f14    10090     4 .bss
80210f14 80210f14        0     1         __bss = .
80210f14 80210f14    10090     4         /var/folders/4t/1b6lb75x0rzfc7h08tphp4lm0000gn/T/kernel-706e6a.o:(.bss)
80210f14 80210f14        0     1                 $d
80210f14 80210f14    10080     1                 procs
80220f94 80220f94        4     1                 proc_a
80220f98 80220f98        4     1                 proc_b
80220f9c 80220f9c        8     1                 .L_MergedGlobals
80220f9c 80220f9c        4     1                 idle_proc
80220fa0 80220fa0        4     1                 current_proc
80220fa4 80220fa4        0     1         __bss_end = .
80220fa4 80220fa4        0     1 . = ALIGN(4)
80220fa4 80220fa4    20000     1 . += 128 * 1024
80240fa4 80240fa4        0     1 __stack_top = .
80240fa4 80240fa4       5c     1 . = ALIGN(4096)
80241000 80241000        0     1 __free_ram = .
80241000 80241000  4000000     1 . += 64 * 1024 * 1024
84241000 84241000        0     1 __free_ram_end = .
       0        0      852     1 .debug_loclists
       0        0      664     1         /var/folders/4t/1b6lb75x0rzfc7h08tphp4lm0000gn/T/kernel-706e6a.o:(.debug_loclists)
       0        0        0     1                 $d
       c        c        0     1                 .L0 
     664      664      1ee     1         /var/folders/4t/1b6lb75x0rzfc7h08tphp4lm0000gn/T/common-1ff89d.o:(.debug_loclists)
     664      664        0     1                 $d
     670      670        0     1                 .L0 
       0        0      40c     1 .debug_abbrev
       0        0      2cb     1         /var/folders/4t/1b6lb75x0rzfc7h08tphp4lm0000gn/T/kernel-706e6a.o:(.debug_abbrev)
       0        0        0     1                 $d
     2cb      2cb      141     1         /var/folders/4t/1b6lb75x0rzfc7h08tphp4lm0000gn/T/common-1ff89d.o:(.debug_abbrev)
     2cb      2cb        0     1                 $d
       0        0      e00     1 .debug_info
       0        0      bb3     1         /var/folders/4t/1b6lb75x0rzfc7h08tphp4lm0000gn/T/kernel-706e6a.o:(.debug_info)
       0        0        0     1                 $d
     bb3      bb3      24d     1         /var/folders/4t/1b6lb75x0rzfc7h08tphp4lm0000gn/T/common-1ff89d.o:(.debug_info)
     bb3      bb3        0     1                 $d
       0        0       b9     1 .debug_rnglists
       0        0       9e     1         /var/folders/4t/1b6lb75x0rzfc7h08tphp4lm0000gn/T/kernel-706e6a.o:(.debug_rnglists)
       0        0        0     1                 $d
       c        c        0     1                 .L0 
      9e       9e       1b     1         /var/folders/4t/1b6lb75x0rzfc7h08tphp4lm0000gn/T/common-1ff89d.o:(.debug_rnglists)
      9e       9e        0     1                 $d
      aa       aa        0     1                 .L0 
       0        0      26c     1 .debug_str_offsets
       0        0      1d4     1         /var/folders/4t/1b6lb75x0rzfc7h08tphp4lm0000gn/T/kernel-706e6a.o:(.debug_str_offsets)
       0        0        0     1                 $d
       8        8        0     1                 .L0 
     1d4      1d4       98     1         /var/folders/4t/1b6lb75x0rzfc7h08tphp4lm0000gn/T/common-1ff89d.o:(.debug_str_offsets)
     1d4      1d4        0     1                 $d
     1dc      1dc        0     1                 .L0 
       0        0      381     1 .debug_str
       0        0      381     1         <internal>:(.debug_str)
       0        0      188     1 .debug_addr
       0        0      128     1         /var/folders/4t/1b6lb75x0rzfc7h08tphp4lm0000gn/T/kernel-706e6a.o:(.debug_addr)
       0        0        0     1                 $d
       8        8        0     1                 .L0 
     128      128       60     1         /var/folders/4t/1b6lb75x0rzfc7h08tphp4lm0000gn/T/common-1ff89d.o:(.debug_addr)
     128      128        0     1                 $d
     130      130        0     1                 .L0 
       0        0       3b     1 .comment
       0        0       3b     1         <internal>:(.comment)
       0        0       4e     1 .riscv.attributes
       0        0       4e     1         <internal>:(.riscv.attributes)
       0        0      24c     4 .debug_frame
       0        0      1b4     4         /var/folders/4t/1b6lb75x0rzfc7h08tphp4lm0000gn/T/kernel-706e6a.o:(.debug_frame)
       0        0        0     1                 .L0 
       0        0        0     1                 $d
     1b4      1b4       98     4         /var/folders/4t/1b6lb75x0rzfc7h08tphp4lm0000gn/T/common-1ff89d.o:(.debug_frame)
     1b4      1b4        0     1                 .L0 
     1b4      1b4        0     1                 $d
       0        0      97f     1 .debug_line
       0        0      6ca     1         /var/folders/4t/1b6lb75x0rzfc7h08tphp4lm0000gn/T/kernel-706e6a.o:(.debug_line)
       0        0        0     1                 .Lline_table_start0
       0        0        0     1                 $d
     6ca      6ca      2b5     1         /var/folders/4t/1b6lb75x0rzfc7h08tphp4lm0000gn/T/common-1ff89d.o:(.debug_line)
     6ca      6ca        0     1                 .Lline_table_start0
     6ca      6ca        0     1                 $d
       0        0       49     1 .debug_line_str
       0        0       49     1         <internal>:(.debug_line_str)
       0        0      460     4 .symtab
       0        0      460     4         <internal>:(.symtab)
       0        0       dc     1 .shstrtab
       0        0       dc     1         <internal>:(.shstrtab)
       0        0      20c     1 .strtab
       0        0      20c     1         <internal>:(.strtab)
