     VMA      LMA     Size Align Out     In      Symbol
       0        0  1000000     1 . = 0x1000000
 1000000  1000000      30e     2 .text
 1000000  1000000        e     2         /var/folders/4t/1b6lb75x0rzfc7h08tphp4lm0000gn/T/user-a044f6.o:(.text.start)
 1000000  1000000        0     1                 .L0 
 1000000  1000000        0     1                 .L0 
 1000000  1000000        0     1                 $x
 1000000  1000000        0     1                 .L0 
 1000000  1000000        e     1                 start
 100000e  100000e        0     1                 .L0 
 100000e  100000e        0     1                 .L0 
 100000e  100000e       aa     2         /var/folders/4t/1b6lb75x0rzfc7h08tphp4lm0000gn/T/shell-0f3f90.o:(.text)
 100000e  100000e        0     1                 .L0 
 100000e  100000e        0     1                 .L0 
 100000e  100000e        0     1                 $x
 100000e  100000e        0     1                 .L0 
 100000e  100000e       aa     1                 main
 1000028  1000028        0     1                 .L0 
 100005a  100005a        0     1                 .L0 
 100005a  100005a        0     1                 .L0 
 100005a  100005a        0     1                 .L0 
 100005e  100005e        0     1                 .L0 
 100005e  100005e        0     1                 .L0 
 100005e  100005e        0     1                 .L0 
 1000062  1000062        0     1                 .L0 
 1000062  1000062        0     1                 .L0 
 1000064  1000064        0     1                 .L0 
 1000064  1000064        0     1                 .L0 
 1000066  1000066        0     1                 .L0 
 100006e  100006e        0     1                 .L0 
 100006e  100006e        0     1                 .L0 
 1000070  1000070        0     1                 .L0 
 1000074  1000074        0     1                 .L0 
 1000074  1000074        0     1                 .L0 
 1000074  1000074        0     1                 .L0 
 1000078  1000078        0     1                 .L0 
 1000078  1000078        0     1                 .L0 
 100007a  100007a        0     1                 .L0 
 100007e  100007e        0     1                 .L0 
 1000084  1000084        0     1                 .L0 
 1000084  1000084        0     1                 .L0 
 1000086  1000086        0     1                 .L0 
 100008c  100008c        0     1                 .L0 
 100008c  100008c        0     1                 .L0 
 100008e  100008e        0     1                 .L0 
 1000094  1000094        0     1                 .L0 
 1000094  1000094        0     1                 .L0 
 1000096  1000096        0     1                 .L0 
 1000096  1000096        0     1                 .L0 
 1000096  1000096        0     1                 .L0 
 1000098  1000098        0     1                 .L0 
 1000098  1000098        0     1                 .L0 
 100009a  100009a        0     1                 .L0 
 100009e  100009e        0     1                 .L0 
 10000a2  10000a2        0     1                 .L0 
 10000a2  10000a2        0     1                 .L0 
 10000a6  10000a6        0     1                 .L0 
 10000a6  10000a6        0     1                 .L0 
 10000a6  10000a6        0     1                 .L0 
 10000aa  10000aa        0     1                 .L0 
 10000b0  10000b0        0     1                 .L0 
 10000b6  10000b6        0     1                 .L0 
 10000b6  10000b6        0     1                 .L0 
 10000b6  10000b6        0     1                 .L0 
 10000b8  10000b8        0     1                 .L0 
 10000b8  10000b8        0     1                 .L0 
 10000b8  10000b8        0     1                 .L0 
 10000b8  10000b8       38     2         /var/folders/4t/1b6lb75x0rzfc7h08tphp4lm0000gn/T/user-a044f6.o:(.text)
 10000b8  10000b8        0     1                 .L0 
 10000b8  10000b8        0     1                 .L0 
 10000b8  10000b8        0     1                 $x
 10000b8  10000b8        0     1                 .L0 
 10000b8  10000b8       10     1                 syscall
 10000c8  10000c8        0     1                 .L0 
 10000c8  10000c8        0     1                 .L0 
 10000c8  10000c8        c     1                 putchar
 10000d4  10000d4        0     1                 .L0 
 10000d4  10000d4        0     1                 .L0 
 10000d4  10000d4        e     1                 getchar
 10000e2  10000e2        0     1                 .L0 
 10000e2  10000e2        0     1                 .L0 
 10000e2  10000e2        e     1                 exit
 10000ee  10000ee        0     1                 .L0 
 10000f0  10000f0        0     1                 .L0 
 10000f0  10000f0        0     1                 .L0 
 10000f0  10000f0      21e     2         /var/folders/4t/1b6lb75x0rzfc7h08tphp4lm0000gn/T/common-3ab165.o:(.text)
 10000f0  10000f0        0     1                 .L0 
 10000f0  10000f0        0     1                 .L0 
 10000f0  10000f0        0     1                 $x
 10000f0  10000f0        0     1                 .L0 
 10000f0  10000f0      1a8     1                 printf
 100010c  100010c        0     1                 .L0 
 1000136  1000136        0     1                 .L0 
 1000146  1000146        0     1                 .L0 
 1000146  1000146        0     1                 .L0 
 100014a  100014a        0     1                 .L0 
 100014a  100014a        0     1                 .L0 
 100014c  100014c        0     1                 .L0 
 1000150  1000150        0     1                 .L0 
 1000154  1000154        0     1                 .L0 
 1000158  1000158        0     1                 .L0 
 1000158  1000158        0     1                 .L0 
 100015a  100015a        0     1                 .L0 
 100015a  100015a        0     1                 .L0 
 100015c  100015c        0     1                 .L0 
 100015e  100015e        0     1                 .L0 
 100015e  100015e        0     1                 .L0 
 1000164  1000164        0     1                 .L0 
 1000168  1000168        0     1                 .L0 
 100016c  100016c        0     1                 .L0 
 1000174  1000174        0     1                 .L0 
 1000174  1000174        0     1                 .L0 
 1000180  1000180        0     1                 .L0 
 1000180  1000180        0     1                 .L0 
 1000184  1000184        0     1                 .L0 
 1000184  1000184        0     1                 .L0 
 1000186  1000186        0     1                 .L0 
 100018c  100018c        0     1                 .L0 
 100018c  100018c        0     1                 .L0 
 100018c  100018c        0     1                 .L0 
 1000190  1000190        0     1                 .L0 
 1000194  1000194        0     1                 .L0 
 1000194  1000194        0     1                 .L0 
 100019e  100019e        0     1                 .L0 
 10001a2  10001a2        0     1                 .L0 
 10001a4  10001a4        0     1                 .L0 
 10001a8  10001a8        0     1                 .L0 
 10001aa  10001aa        0     1                 .L0 
 10001aa  10001aa        0     1                 .L0 
 10001b0  10001b0        0     1                 .L0 
 10001b2  10001b2        0     1                 .L0 
 10001b6  10001b6        0     1                 .L0 
 10001b8  10001b8        0     1                 .L0 
 10001b8  10001b8        0     1                 .L0 
 10001be  10001be        0     1                 .L0 
 10001c0  10001c0        0     1                 .L0 
 10001c4  10001c4        0     1                 .L0 
 10001c6  10001c6        0     1                 .L0 
 10001c6  10001c6        0     1                 .L0 
 10001cc  10001cc        0     1                 .L0 
 10001ce  10001ce        0     1                 .L0 
 10001d2  10001d2        0     1                 .L0 
 10001d4  10001d4        0     1                 .L0 
 10001d4  10001d4        0     1                 .L0 
 10001da  10001da        0     1                 .L0 
 10001dc  10001dc        0     1                 .L0 
 10001e0  10001e0        0     1                 .L0 
 10001e2  10001e2        0     1                 .L0 
 10001e2  10001e2        0     1                 .L0 
 10001e8  10001e8        0     1                 .L0 
 10001ea  10001ea        0     1                 .L0 
 10001ee  10001ee        0     1                 .L0 
 10001f0  10001f0        0     1                 .L0 
 10001f0  10001f0        0     1                 .L0 
 10001f6  10001f6        0     1                 .L0 
 10001f8  10001f8        0     1                 .L0 
 10001fc  10001fc        0     1                 .L0 
 10001fe  10001fe        0     1                 .L0 
 10001fe  10001fe        0     1                 .L0 
 1000200  1000200        0     1                 .L0 
 1000202  1000202        0     1                 .L0 
 1000206  1000206        0     1                 .L0 
 1000206  1000206        0     1                 .L0 
 1000208  1000208        0     1                 .L0 
 1000208  1000208        0     1                 .L0 
 100020a  100020a        0     1                 .L0 
 100020c  100020c        0     1                 .L0 
 100020c  100020c        0     1                 .L0 
 100020c  100020c        0     1                 .L0 
 1000216  1000216        0     1                 .L0 
 100021a  100021a        0     1                 .L0 
 1000220  1000220        0     1                 .L0 
 1000220  1000220        0     1                 .L0 
 1000220  1000220        0     1                 .L0 
 1000226  1000226        0     1                 .L0 
 1000226  1000226        0     1                 .L0 
 100022a  100022a        0     1                 .L0 
 100022c  100022c        0     1                 .L0 
 1000230  1000230        0     1                 .L0 
 1000230  1000230        0     1                 .L0 
 1000230  1000230        0     1                 .L0 
 1000236  1000236        0     1                 .L0 
 1000236  1000236        0     1                 .L0 
 100023a  100023a        0     1                 .L0 
 100023c  100023c        0     1                 .L0 
 1000240  1000240        0     1                 .L0 
 1000240  1000240        0     1                 .L0 
 1000240  1000240        0     1                 .L0 
 1000246  1000246        0     1                 .L0 
 1000248  1000248        0     1                 .L0 
 100024c  100024c        0     1                 .L0 
 1000250  1000250        0     1                 .L0 
 1000250  1000250        0     1                 .L0 
 1000250  1000250        0     1                 .L0 
 1000252  1000252        0     1                 .L0 
 100025a  100025a        0     1                 .L0 
 1000260  1000260        0     1                 .L0 
 1000260  1000260        0     1                 .L0 
 100026e  100026e        0     1                 .L0 
 100026e  100026e        0     1                 .L0 
 1000274  1000274        0     1                 .L0 
 1000274  1000274        0     1                 .L0 
 1000274  1000274        0     1                 .L0 
 100027a  100027a        0     1                 .L0 
 100027a  100027a        0     1                 .L0 
 100027a  100027a        0     1                 .L0 
 100027e  100027e        0     1                 .L0 
 1000294  1000294        0     1                 .L0 
 1000298  1000298        0     1                 .L0 
 1000298  1000298        0     1                 .L0 
 1000298  1000298        0     1                 .L0 
 1000298  1000298        0     1                 .L0 
 1000298  1000298        0     1                 .L0 
 1000298  1000298       1c     1                 memcpy
 100029c  100029c        0     1                 .L0 
 100029c  100029c        0     1                 .L0 
 100029e  100029e        0     1                 .L0 
 10002a4  10002a4        0     1                 .L0 
 10002a8  10002a8        0     1                 .L0 
 10002ae  10002ae        0     1                 .L0 
 10002ae  10002ae        0     1                 .L0 
 10002b2  10002b2        0     1                 .L0 
 10002b2  10002b2        0     1                 .L0 
 10002b2  10002b2        0     1                 .L0 
 10002b4  10002b4        0     1                 .L0 
 10002b4  10002b4        0     1                 .L0 
 10002b4  10002b4        0     1                 .L0 
 10002b4  10002b4        0     1                 .L0 
 10002b4  10002b4        0     1                 .L0 
 10002b4  10002b4       16     1                 memset
 10002b8  10002b8        0     1                 .L0 
 10002b8  10002b8        0     1                 .L0 
 10002ba  10002ba        0     1                 .L0 
 10002be  10002be        0     1                 .L0 
 10002c4  10002c4        0     1                 .L0 
 10002c4  10002c4        0     1                 .L0 
 10002c8  10002c8        0     1                 .L0 
 10002c8  10002c8        0     1                 .L0 
 10002c8  10002c8        0     1                 .L0 
 10002ca  10002ca        0     1                 .L0 
 10002ca  10002ca        0     1                 .L0 
 10002ca  10002ca        0     1                 .L0 
 10002ca  10002ca        0     1                 .L0 
 10002ca  10002ca       20     1                 strcpy
 10002d0  10002d0        0     1                 .L0 
 10002d4  10002d4        0     1                 .L0 
 10002d4  10002d4        0     1                 .L0 
 10002d6  10002d6        0     1                 .L0 
 10002e0  10002e0        0     1                 .L0 
 10002e2  10002e2        0     1                 .L0 
 10002e4  10002e4        0     1                 .L0 
 10002e4  10002e4        0     1                 .L0 
 10002e4  10002e4        0     1                 .L0 
 10002ea  10002ea        0     1                 .L0 
 10002ea  10002ea        0     1                 .L0 
 10002ea  10002ea        0     1                 .L0 
 10002ea  10002ea        0     1                 .L0 
 10002ea  10002ea       24     1                 strcmp
 10002ee  10002ee        0     1                 .L0 
 10002f0  10002f0        0     1                 .L0 
 10002f2  10002f2        0     1                 .L0 
 10002f2  10002f2        0     1                 .L0 
 10002f6  10002f6        0     1                 .L0 
 10002fa  10002fa        0     1                 .L0 
 10002fa  10002fa        0     1                 .L0 
 1000300  1000300        0     1                 .L0 
 1000302  1000302        0     1                 .L0 
 1000304  1000304        0     1                 .L0 
 1000304  1000304        0     1                 .L0 
 100030e  100030e        0     1                 .L0 
 100030e  100030e        0     1                 .L0 
 1000310  1000310       4d     4 .rodata
 1000310  1000310       4d     1         <internal>:(.rodata.str1.1)
 1000360  1000360    10000     4 .bss
 1000360  1000360        0     1         . = ALIGN(16)
 1000360  1000360    10000     1         . += 64 * 1024
 1010360  1010360        0     1         __stack_top = .
 1010360  1010360        0     1         
       0        0      2f3     1 .debug_loclists
       0        0       32     1         /var/folders/4t/1b6lb75x0rzfc7h08tphp4lm0000gn/T/shell-0f3f90.o:(.debug_loclists)
       0        0        0     1                 $d
       c        c        0     1                 .L0 
      32       32       d3     1         /var/folders/4t/1b6lb75x0rzfc7h08tphp4lm0000gn/T/user-a044f6.o:(.debug_loclists)
      32       32        0     1                 $d
      3e       3e        0     1                 .L0 
     105      105      1ee     1         /var/folders/4t/1b6lb75x0rzfc7h08tphp4lm0000gn/T/common-3ab165.o:(.debug_loclists)
     105      105        0     1                 $d
     111      111        0     1                 .L0 
       0        0      35e     1 .debug_abbrev
       0        0      101     1         /var/folders/4t/1b6lb75x0rzfc7h08tphp4lm0000gn/T/shell-0f3f90.o:(.debug_abbrev)
       0        0        0     1                 $d
     101      101      11c     1         /var/folders/4t/1b6lb75x0rzfc7h08tphp4lm0000gn/T/user-a044f6.o:(.debug_abbrev)
     101      101        0     1                 $d
     21d      21d      141     1         /var/folders/4t/1b6lb75x0rzfc7h08tphp4lm0000gn/T/common-3ab165.o:(.debug_abbrev)
     21d      21d        0     1                 $d
       0        0      5a4     1 .debug_info
       0        0      1a5     1         /var/folders/4t/1b6lb75x0rzfc7h08tphp4lm0000gn/T/shell-0f3f90.o:(.debug_info)
       0        0        0     1                 $d
     1a5      1a5      1b2     1         /var/folders/4t/1b6lb75x0rzfc7h08tphp4lm0000gn/T/user-a044f6.o:(.debug_info)
     1a5      1a5        0     1                 $d
     357      357      24d     1         /var/folders/4t/1b6lb75x0rzfc7h08tphp4lm0000gn/T/common-3ab165.o:(.debug_info)
     357      357        0     1                 $d
       0        0       4c     1 .debug_rnglists
       0        0       1a     1         /var/folders/4t/1b6lb75x0rzfc7h08tphp4lm0000gn/T/shell-0f3f90.o:(.debug_rnglists)
       0        0        0     1                 $d
       c        c        0     1                 .L0 
      1a       1a       17     1         /var/folders/4t/1b6lb75x0rzfc7h08tphp4lm0000gn/T/user-a044f6.o:(.debug_rnglists)
      1a       1a        0     1                 $d
      26       26        0     1                 .L0 
      31       31       1b     1         /var/folders/4t/1b6lb75x0rzfc7h08tphp4lm0000gn/T/common-3ab165.o:(.debug_rnglists)
      31       31        0     1                 $d
      3d       3d        0     1                 .L0 
       0        0      12c     1 .debug_str_offsets
       0        0       40     1         /var/folders/4t/1b6lb75x0rzfc7h08tphp4lm0000gn/T/shell-0f3f90.o:(.debug_str_offsets)
       0        0        0     1                 $d
       8        8        0     1                 .L0 
      40       40       54     1         /var/folders/4t/1b6lb75x0rzfc7h08tphp4lm0000gn/T/user-a044f6.o:(.debug_str_offsets)
      40       40        0     1                 $d
      48       48        0     1                 .L0 
      94       94       98     1         /var/folders/4t/1b6lb75x0rzfc7h08tphp4lm0000gn/T/common-3ab165.o:(.debug_str_offsets)
      94       94        0     1                 $d
      9c       9c        0     1                 .L0 
       0        0      175     1 .debug_str
       0        0      175     1         <internal>:(.debug_str)
       0        0       c8     1 .debug_addr
       0        0       4c     1         /var/folders/4t/1b6lb75x0rzfc7h08tphp4lm0000gn/T/shell-0f3f90.o:(.debug_addr)
       0        0        0     1                 $d
       8        8        0     1                 .L0 
      4c       4c       1c     1         /var/folders/4t/1b6lb75x0rzfc7h08tphp4lm0000gn/T/user-a044f6.o:(.debug_addr)
      4c       4c        0     1                 $d
      54       54        0     1                 .L0 
      68       68       60     1         /var/folders/4t/1b6lb75x0rzfc7h08tphp4lm0000gn/T/common-3ab165.o:(.debug_addr)
      68       68        0     1                 $d
      70       70        0     1                 .L0 
       0        0       3b     1 .comment
       0        0       3b     1         <internal>:(.comment)
       0        0       4e     1 .riscv.attributes
       0        0       4e     1         <internal>:(.riscv.attributes)
       0        0      140     4 .debug_frame
       0        0       44     4         /var/folders/4t/1b6lb75x0rzfc7h08tphp4lm0000gn/T/shell-0f3f90.o:(.debug_frame)
       0        0        0     1                 .L0 
       0        0        0     1                 $d
      44       44       64     4         /var/folders/4t/1b6lb75x0rzfc7h08tphp4lm0000gn/T/user-a044f6.o:(.debug_frame)
      44       44        0     1                 .L0 
      44       44        0     1                 $d
      a8       a8       98     4         /var/folders/4t/1b6lb75x0rzfc7h08tphp4lm0000gn/T/common-3ab165.o:(.debug_frame)
      a8       a8        0     1                 .L0 
      a8       a8        0     1                 $d
       0        0      46d     1 .debug_line
       0        0      129     1         /var/folders/4t/1b6lb75x0rzfc7h08tphp4lm0000gn/T/shell-0f3f90.o:(.debug_line)
       0        0        0     1                 .Lline_table_start0
       0        0        0     1                 $d
     129      129       8f     1         /var/folders/4t/1b6lb75x0rzfc7h08tphp4lm0000gn/T/user-a044f6.o:(.debug_line)
     129      129        0     1                 .Lline_table_start0
     129      129        0     1                 $d
     1b8      1b8      2b5     1         /var/folders/4t/1b6lb75x0rzfc7h08tphp4lm0000gn/T/common-3ab165.o:(.debug_line)
     1b8      1b8        0     1                 .Lline_table_start0
     1b8      1b8        0     1                 $d
       0        0       4d     1 .debug_line_str
       0        0       4d     1         <internal>:(.debug_line_str)
       0        0      3a0     4 .symtab
       0        0      3a0     4         <internal>:(.symtab)
       0        0       d6     1 .shstrtab
       0        0       d6     1         <internal>:(.shstrtab)
       0        0       ee     1 .strtab
       0        0       ee     1         <internal>:(.strtab)
